// Jest Snapshot v1, https://goo.gl/fbAQLP

exports[`data 是一个 data 组件 1`] = `
<div class="hello">
  <h1></h1> <input type="text">
</div>
`;
